[    7728ms] [ERROR] Failed to load resource: the server responded with a status of 500 (Internal Server Error) @ http://localhost:3004/_next/static/css/app/layout.css?v=1777213543977:0
[    7733ms] [ERROR] Failed to load resource: the server responded with a status of 500 (Internal Server Error) @ http://localhost:3004/_next/static/chunks/app/page.js:0
[    7735ms] [ERROR] Failed to load resource: the server responded with a status of 500 (Internal Server Error) @ http://localhost:3004/_next/static/chunks/webpack.js?v=1777213543977:0
[    7735ms] [ERROR] Failed to load resource: the server responded with a status of 500 (Internal Server Error) @ http://localhost:3004/_next/static/chunks/main-app.js?v=1777213543977:0
[    7735ms] [ERROR] Failed to load resource: the server responded with a status of 500 (Internal Server Error) @ http://localhost:3004/_next/static/chunks/app-pages-internals.js:0
[   11935ms] [ERROR] Failed to load resource: the server responded with a status of 500 (Internal Server Error) @ http://localhost:3004/:0
[   12414ms] [INFO] %cDownload the React DevTools for a better development experience: https://reactjs.org/link/react-devtools font-weight:bold @ webpack-internal:///./node_modules/react-dom/cjs/react-dom.development.js:29889
[   12460ms] Error: Cannot find module './276.js'
Require stack:
- C:\tmp\Wealth_dashboard\.next\server\webpack-runtime.js
- C:\tmp\Wealth_dashboard\.next\server\app\page.js
- C:\tmp\Wealth_dashboard\node_modules\next\dist\server\require.js
- C:\tmp\Wealth_dashboard\node_modules\next\dist\server\load-components.js
- C:\tmp\Wealth_dashboard\node_modules\next\dist\build\utils.js
- C:\tmp\Wealth_dashboard\node_modules\next\dist\server\dev\hot-middleware.js
- C:\tmp\Wealth_dashboard\node_modules\next\dist\server\dev\hot-reloader-webpack.js
- C:\tmp\Wealth_dashboard\node_modules\next\dist\server\lib\router-utils\setup-dev-bundler.js
- C:\tmp\Wealth_dashboard\node_modules\next\dist\server\lib\router-server.js
- C:\tmp\Wealth_dashboard\node_modules\next\dist\server\lib\start-server.js
    at Module.<anonymous> (node:internal/modules/cjs/loader:1456:15)
    at <unknown> (file://C:\tmp\Wealth_dashboard\node_modules\next\dist\server\require-hook.js:55:36)
    at defaultResolveImpl (node:internal/modules/cjs/loader:1066:19)
    at resolveForCJSWithHooks (node:internal/modules/cjs/loader:1071:22)
    at Module._load (node:internal/modules/cjs/loader:1242:25)
    at wrapModuleLoad (node:internal/modules/cjs/loader:255:19)
    at Module.<anonymous> (node:internal/modules/cjs/loader:1556:12)
    at mod.require (file://C:\tmp\Wealth_dashboard\node_modules\next\dist\server\require-hook.js:65:28)
    at require (node:internal/modules/helpers:152:16)
    at __webpack_require__.f.require (file://C:\tmp\Wealth_dashboard\.next\server\webpack-runtime.js:203:28)
    at <unknown> (file://C:\tmp\Wealth_dashboard\.next\server\webpack-runtime.js:116:40)
    at Array.reduce (<anonymous>)
    at __webpack_require__.e (file://C:\tmp\Wealth_dashboard\.next\server\webpack-runtime.js:115:67)
    at Array.map (<anonymous>)
    at __webpack_require__.X (file://C:\tmp\Wealth_dashboard\.next\server\webpack-runtime.js:167:22)
    at <unknown> (file://C:\tmp\Wealth_dashboard\.next\server\app\page.js:1:37580)
    at Object.<anonymous> (file://C:\tmp\Wealth_dashboard\.next\server\app\page.js:1:37626)
    at Module._compile (node:internal/modules/cjs/loader:1812:14)
    at Object..js (node:internal/modules/cjs/loader:1943:10)
    at Module.load (node:internal/modules/cjs/loader:1533:32)
    at Module._load (node:internal/modules/cjs/loader:1335:12)
    at wrapModuleLoad (node:internal/modules/cjs/loader:255:19)
    at Module.<anonymous> (node:internal/modules/cjs/loader:1556:12)
    at mod.require (file://C:\tmp\Wealth_dashboard\node_modules\next\dist\server\require-hook.js:65:28)
    at require (node:internal/modules/helpers:152:16)
    at requirePage (file://C:\tmp\Wealth_dashboard\node_modules\next\dist\server\require.js:109:84)
    at <unknown> (file://C:\tmp\Wealth_dashboard\node_modules\next\dist\server\load-components.js:103:84)
    at async loadComponentsImpl (file://C:\tmp\Wealth_dashboard\node_modules\next\dist\server\load-components.js:103:26)
    at async DevServer.findPageComponentsImpl (file://C:\tmp\Wealth_dashboard\node_modules\next\dist\server\next-server.js:714:36)
    at async DevServer.findPageComponents (file://C:\tmp\Wealth_dashboard\node_modules\next\dist\server\dev\next-dev-server.js:577:20)
    at async DevServer.renderPageComponent (file://C:\tmp\Wealth_dashboard\node_modules\next\dist\server\base-server.js:1910:24)
    at async DevServer.renderToResponseImpl (file://C:\tmp\Wealth_dashboard\node_modules\next\dist\server\base-server.js:1962:32)
    at async DevServer.pipeImpl (file://C:\tmp\Wealth_dashboard\node_modules\next\dist\server\base-server.js:922:25)
    at async NextNodeServer.handleCatchallRenderRequest (file://C:\tmp\Wealth_dashboard\node_modules\next\dist\server\next-server.js:272:17)
    at async DevServer.handleRequestImpl (file://C:\tmp\Wealth_dashboard\node_modules\next\dist\server\base-server.js:818:17)
    at async (file://C:\tmp\Wealth_dashboard\node_modules\next\dist\server\dev\next-dev-server.js:339:20)
    at async Span.traceAsyncFn (file://C:\tmp\Wealth_dashboard\node_modules\next\dist\trace\trace.js:154:20)
    at async DevServer.handleRequest (file://C:\tmp\Wealth_dashboard\node_modules\next\dist\server\dev\next-dev-server.js:336:24)
    at async invokeRender (file://C:\tmp\Wealth_dashboard\node_modules\next\dist\server\lib\router-server.js:178:21)
    at async handleRequest (file://C:\tmp\Wealth_dashboard\node_modules\next\dist\server\lib\router-server.js:355:24)
    at async requestHandlerImpl (file://C:\tmp\Wealth_dashboard\node_modules\next\dist\server\lib\router-server.js:379:13)
    at async Server.requestListener (file://C:\tmp\Wealth_dashboard\node_modules\next\dist\server\lib\start-server.js:141:13)
[   12459ms] [LOG] [HMR] connected @ webpack-internal:///./node_modules/next/dist/client/components/react-dev-overlay/pages/websocket.js:38
[   14527ms] [ERROR] Failed to load resource: the server responded with a status of 500 (Internal Server Error) @ http://localhost:3004/:0
[   14861ms] [INFO] %cDownload the React DevTools for a better development experience: https://reactjs.org/link/react-devtools font-weight:bold @ webpack-internal:///./node_modules/react-dom/cjs/react-dom.development.js:29889
[   14883ms] Error: Cannot find module './276.js'
Require stack:
- C:\tmp\Wealth_dashboard\.next\server\webpack-runtime.js
- C:\tmp\Wealth_dashboard\.next\server\app\page.js
- C:\tmp\Wealth_dashboard\node_modules\next\dist\server\require.js
- C:\tmp\Wealth_dashboard\node_modules\next\dist\server\load-components.js
- C:\tmp\Wealth_dashboard\node_modules\next\dist\build\utils.js
- C:\tmp\Wealth_dashboard\node_modules\next\dist\server\dev\hot-middleware.js
- C:\tmp\Wealth_dashboard\node_modules\next\dist\server\dev\hot-reloader-webpack.js
- C:\tmp\Wealth_dashboard\node_modules\next\dist\server\lib\router-utils\setup-dev-bundler.js
- C:\tmp\Wealth_dashboard\node_modules\next\dist\server\lib\router-server.js
- C:\tmp\Wealth_dashboard\node_modules\next\dist\server\lib\start-server.js
    at Module.<anonymous> (node:internal/modules/cjs/loader:1456:15)
    at <unknown> (file://C:\tmp\Wealth_dashboard\node_modules\next\dist\server\require-hook.js:55:36)
    at defaultResolveImpl (node:internal/modules/cjs/loader:1066:19)
    at resolveForCJSWithHooks (node:internal/modules/cjs/loader:1071:22)
    at Module._load (node:internal/modules/cjs/loader:1242:25)
    at wrapModuleLoad (node:internal/modules/cjs/loader:255:19)
    at Module.<anonymous> (node:internal/modules/cjs/loader:1556:12)
    at mod.require (file://C:\tmp\Wealth_dashboard\node_modules\next\dist\server\require-hook.js:65:28)
    at require (node:internal/modules/helpers:152:16)
    at __webpack_require__.f.require (file://C:\tmp\Wealth_dashboard\.next\server\webpack-runtime.js:203:28)
    at <unknown> (file://C:\tmp\Wealth_dashboard\.next\server\webpack-runtime.js:116:40)
    at Array.reduce (<anonymous>)
    at __webpack_require__.e (file://C:\tmp\Wealth_dashboard\.next\server\webpack-runtime.js:115:67)
    at Array.map (<anonymous>)
    at __webpack_require__.X (file://C:\tmp\Wealth_dashboard\.next\server\webpack-runtime.js:167:22)
    at <unknown> (file://C:\tmp\Wealth_dashboard\.next\server\app\page.js:1:37580)
    at Object.<anonymous> (file://C:\tmp\Wealth_dashboard\.next\server\app\page.js:1:37626)
    at Module._compile (node:internal/modules/cjs/loader:1812:14)
    at Object..js (node:internal/modules/cjs/loader:1943:10)
    at Module.load (node:internal/modules/cjs/loader:1533:32)
    at Module._load (node:internal/modules/cjs/loader:1335:12)
    at wrapModuleLoad (node:internal/modules/cjs/loader:255:19)
    at Module.<anonymous> (node:internal/modules/cjs/loader:1556:12)
    at mod.require (file://C:\tmp\Wealth_dashboard\node_modules\next\dist\server\require-hook.js:65:28)
    at require (node:internal/modules/helpers:152:16)
    at requirePage (file://C:\tmp\Wealth_dashboard\node_modules\next\dist\server\require.js:109:84)
    at <unknown> (file://C:\tmp\Wealth_dashboard\node_modules\next\dist\server\load-components.js:103:84)
    at async loadComponentsImpl (file://C:\tmp\Wealth_dashboard\node_modules\next\dist\server\load-components.js:103:26)
    at async DevServer.findPageComponentsImpl (file://C:\tmp\Wealth_dashboard\node_modules\next\dist\server\next-server.js:714:36)
    at async DevServer.findPageComponents (file://C:\tmp\Wealth_dashboard\node_modules\next\dist\server\dev\next-dev-server.js:577:20)
    at async DevServer.renderPageComponent (file://C:\tmp\Wealth_dashboard\node_modules\next\dist\server\base-server.js:1910:24)
    at async DevServer.renderToResponseImpl (file://C:\tmp\Wealth_dashboard\node_modules\next\dist\server\base-server.js:1962:32)
    at async DevServer.pipeImpl (file://C:\tmp\Wealth_dashboard\node_modules\next\dist\server\base-server.js:922:25)
    at async NextNodeServer.handleCatchallRenderRequest (file://C:\tmp\Wealth_dashboard\node_modules\next\dist\server\next-server.js:272:17)
    at async DevServer.handleRequestImpl (file://C:\tmp\Wealth_dashboard\node_modules\next\dist\server\base-server.js:818:17)
    at async (file://C:\tmp\Wealth_dashboard\node_modules\next\dist\server\dev\next-dev-server.js:339:20)
    at async Span.traceAsyncFn (file://C:\tmp\Wealth_dashboard\node_modules\next\dist\trace\trace.js:154:20)
    at async DevServer.handleRequest (file://C:\tmp\Wealth_dashboard\node_modules\next\dist\server\dev\next-dev-server.js:336:24)
    at async invokeRender (file://C:\tmp\Wealth_dashboard\node_modules\next\dist\server\lib\router-server.js:178:21)
    at async handleRequest (file://C:\tmp\Wealth_dashboard\node_modules\next\dist\server\lib\router-server.js:355:24)
    at async requestHandlerImpl (file://C:\tmp\Wealth_dashboard\node_modules\next\dist\server\lib\router-server.js:379:13)
    at async Server.requestListener (file://C:\tmp\Wealth_dashboard\node_modules\next\dist\server\lib\start-server.js:141:13)
[   14877ms] [LOG] [HMR] connected @ webpack-internal:///./node_modules/next/dist/client/components/react-dev-overlay/pages/websocket.js:38
[   37459ms] [ERROR] Failed to load resource: the server responded with a status of 404 (Not Found) @ http://localhost:3000/_next/static/css/app/layout.css?v=1777213580724:0
[   37531ms] [ERROR] Failed to load resource: the server responded with a status of 404 (Not Found) @ http://localhost:3000/_next/static/chunks/app-pages-internals.js:0
[   37533ms] [ERROR] Failed to load resource: the server responded with a status of 404 (Not Found) @ http://localhost:3000/_next/static/chunks/main-app.js?v=1777213580724:0
[   37537ms] [ERROR] Failed to load resource: the server responded with a status of 404 (Not Found) @ http://localhost:3000/_next/static/chunks/app/page.js:0
[   48367ms] [ERROR] Failed to load resource: the server responded with a status of 500 (Internal Server Error) @ http://localhost:3004/:0
[   48687ms] [INFO] %cDownload the React DevTools for a better development experience: https://reactjs.org/link/react-devtools font-weight:bold @ webpack-internal:///./node_modules/react-dom/cjs/react-dom.development.js:29889
[   48705ms] Error: Cannot find module './276.js'
Require stack:
- C:\tmp\Wealth_dashboard\.next\server\webpack-runtime.js
- C:\tmp\Wealth_dashboard\.next\server\app\page.js
- C:\tmp\Wealth_dashboard\node_modules\next\dist\server\require.js
- C:\tmp\Wealth_dashboard\node_modules\next\dist\server\load-components.js
- C:\tmp\Wealth_dashboard\node_modules\next\dist\build\utils.js
- C:\tmp\Wealth_dashboard\node_modules\next\dist\server\dev\hot-middleware.js
- C:\tmp\Wealth_dashboard\node_modules\next\dist\server\dev\hot-reloader-webpack.js
- C:\tmp\Wealth_dashboard\node_modules\next\dist\server\lib\router-utils\setup-dev-bundler.js
- C:\tmp\Wealth_dashboard\node_modules\next\dist\server\lib\router-server.js
- C:\tmp\Wealth_dashboard\node_modules\next\dist\server\lib\start-server.js
    at Module.<anonymous> (node:internal/modules/cjs/loader:1456:15)
    at <unknown> (file://C:\tmp\Wealth_dashboard\node_modules\next\dist\server\require-hook.js:55:36)
    at defaultResolveImpl (node:internal/modules/cjs/loader:1066:19)
    at resolveForCJSWithHooks (node:internal/modules/cjs/loader:1071:22)
    at Module._load (node:internal/modules/cjs/loader:1242:25)
    at wrapModuleLoad (node:internal/modules/cjs/loader:255:19)
    at Module.<anonymous> (node:internal/modules/cjs/loader:1556:12)
    at mod.require (file://C:\tmp\Wealth_dashboard\node_modules\next\dist\server\require-hook.js:65:28)
    at require (node:internal/modules/helpers:152:16)
    at __webpack_require__.f.require (file://C:\tmp\Wealth_dashboard\.next\server\webpack-runtime.js:203:28)
    at <unknown> (file://C:\tmp\Wealth_dashboard\.next\server\webpack-runtime.js:116:40)
    at Array.reduce (<anonymous>)
    at __webpack_require__.e (file://C:\tmp\Wealth_dashboard\.next\server\webpack-runtime.js:115:67)
    at Array.map (<anonymous>)
    at __webpack_require__.X (file://C:\tmp\Wealth_dashboard\.next\server\webpack-runtime.js:167:22)
    at <unknown> (file://C:\tmp\Wealth_dashboard\.next\server\app\page.js:1:37580)
    at Object.<anonymous> (file://C:\tmp\Wealth_dashboard\.next\server\app\page.js:1:37626)
    at Module._compile (node:internal/modules/cjs/loader:1812:14)
    at Object..js (node:internal/modules/cjs/loader:1943:10)
    at Module.load (node:internal/modules/cjs/loader:1533:32)
    at Module._load (node:internal/modules/cjs/loader:1335:12)
    at wrapModuleLoad (node:internal/modules/cjs/loader:255:19)
    at Module.<anonymous> (node:internal/modules/cjs/loader:1556:12)
    at mod.require (file://C:\tmp\Wealth_dashboard\node_modules\next\dist\server\require-hook.js:65:28)
    at require (node:internal/modules/helpers:152:16)
    at requirePage (file://C:\tmp\Wealth_dashboard\node_modules\next\dist\server\require.js:109:84)
    at <unknown> (file://C:\tmp\Wealth_dashboard\node_modules\next\dist\server\load-components.js:103:84)
    at async loadComponentsImpl (file://C:\tmp\Wealth_dashboard\node_modules\next\dist\server\load-components.js:103:26)
    at async DevServer.findPageComponentsImpl (file://C:\tmp\Wealth_dashboard\node_modules\next\dist\server\next-server.js:714:36)
    at async DevServer.findPageComponents (file://C:\tmp\Wealth_dashboard\node_modules\next\dist\server\dev\next-dev-server.js:577:20)
    at async DevServer.renderPageComponent (file://C:\tmp\Wealth_dashboard\node_modules\next\dist\server\base-server.js:1910:24)
    at async DevServer.renderToResponseImpl (file://C:\tmp\Wealth_dashboard\node_modules\next\dist\server\base-server.js:1962:32)
    at async DevServer.pipeImpl (file://C:\tmp\Wealth_dashboard\node_modules\next\dist\server\base-server.js:922:25)
    at async NextNodeServer.handleCatchallRenderRequest (file://C:\tmp\Wealth_dashboard\node_modules\next\dist\server\next-server.js:272:17)
    at async DevServer.handleRequestImpl (file://C:\tmp\Wealth_dashboard\node_modules\next\dist\server\base-server.js:818:17)
    at async (file://C:\tmp\Wealth_dashboard\node_modules\next\dist\server\dev\next-dev-server.js:339:20)
    at async Span.traceAsyncFn (file://C:\tmp\Wealth_dashboard\node_modules\next\dist\trace\trace.js:154:20)
    at async DevServer.handleRequest (file://C:\tmp\Wealth_dashboard\node_modules\next\dist\server\dev\next-dev-server.js:336:24)
    at async invokeRender (file://C:\tmp\Wealth_dashboard\node_modules\next\dist\server\lib\router-server.js:178:21)
    at async handleRequest (file://C:\tmp\Wealth_dashboard\node_modules\next\dist\server\lib\router-server.js:355:24)
    at async requestHandlerImpl (file://C:\tmp\Wealth_dashboard\node_modules\next\dist\server\lib\router-server.js:379:13)
    at async Server.requestListener (file://C:\tmp\Wealth_dashboard\node_modules\next\dist\server\lib\start-server.js:141:13)
[   48704ms] [LOG] [HMR] connected @ webpack-internal:///./node_modules/next/dist/client/components/react-dev-overlay/pages/websocket.js:38
